[ 2026-09-19 18:11:20,060  ] 20 root - INFO - Initiate the data ingestion
[ 2026-09-19 18:11:24,492  ] 65 root - INFO - Performed train test split on the dataframe
[ 2026-09-19 18:11:24,492  ] 67 root - INFO - Exited split_data_as_train_test method of Data_Ingestion class
[ 2026-09-19 18:11:24,492  ] 75 root - INFO - Exporting train and test file path.
[ 2026-09-19 18:11:24,548  ] 84 root - INFO - Exported train and test file path.
[ 2026-09-19 18:11:24,548  ] 22 root - INFO - Data Initiation Completed
[ 2026-09-19 18:11:24,560  ] 26 root - INFO - Initiate the data Validation
[ 2026-09-19 18:11:24,620  ] 32 root - INFO - Required number of columns:2
[ 2026-09-19 18:11:24,620  ] 33 root - INFO - Data frame has columns:31
[ 2026-09-19 18:11:24,620  ] 32 root - INFO - Required number of columns:2
[ 2026-09-19 18:11:24,620  ] 33 root - INFO - Data frame has columns:31
[ 2026-09-19 18:11:24,775  ] 28 root - INFO - data Validation Completed
[ 2026-09-19 18:11:24,775  ] 31 root - INFO - data Transformation started
[ 2026-09-19 18:11:24,775  ] 63 root - INFO - Entered initiate_data_transformation method of DataTransformation class
[ 2026-09-19 18:11:24,775  ] 65 root - INFO - Starting data transformation
[ 2026-09-19 18:11:24,820  ] 48 root - INFO - Entered get_data_trnasformer_object method of Trnasformation class
[ 2026-09-19 18:11:24,820  ] 53 root - INFO - Initialise KNNImputer with {'missing_values': nan, 'n_neighbors': 3, 'weights': 'uniform'}
[ 2026-09-19 18:11:24,857  ] 46 root - INFO - Entered the save_object method of MainUtils class
[ 2026-09-19 18:11:24,857  ] 50 root - INFO - Exited the save_object method of MainUtils class
[ 2026-09-19 18:11:24,857  ] 46 root - INFO - Entered the save_object method of MainUtils class
[ 2026-09-19 18:11:24,862  ] 50 root - INFO - Exited the save_object method of MainUtils class
[ 2026-09-19 18:11:24,862  ] 35 root - INFO - data Transformation completed
[ 2026-09-19 18:11:24,862  ] 37 root - INFO - Model Training sstared
